// Jest Snapshot v1, https://goo.gl/fbAQLP

exports[`application component rendering 1`] = `
<div
  className="app"
>
  <Sidebar />
  <Connect(Map) />
</div>
`;
